../Core/Src/main.c:79:6:startPWM	8	static
../Core/Src/main.c:88:6:stopPWM	8	static
../Core/Src/main.c:97:6:pulsePWM	16	static
../Core/Src/main.c:171:6:deadTimePWM	16	static
../Core/Src/main.c:178:6:map	24	static
../Core/Src/main.c:189:5:main	8	static
../Core/Src/main.c:256:6:SystemClock_Config	88	static
../Core/Src/main.c:297:13:MX_TIM1_Init	96	static
../Core/Src/main.c:378:13:MX_TIM2_Init	48	static
../Core/Src/main.c:437:13:MX_TIM3_Init	64	static
../Core/Src/main.c:507:13:MX_TIM4_Init	64	static
../Core/Src/main.c:567:13:MX_GPIO_Init	32	static
../Core/Src/main.c:581:6:HAL_TIMEx_BreakCallback	16	static
../Core/Src/main.c:595:6:Error_Handler	4	static,ignoring_inline_asm
